aura.exe : 编译失败:
At line:1 char:160
+ ... ; $output = & "target\release\aura.exe" build "aura\core\aura\lang\St ...
+                 ~~~~~~~~~~~~~~~~~~~~~~~~~~~~~~~~~~~~~~~~~~~~~~~~~~~~~~~~~
    + CategoryInfo          : NotSpecified: (编译失败::String) [], RemoteException
    + FullyQualifiedErrorId : NativeCommandError
 
parse error: Expected RParen, got Var
parse error: Expected Arrow, got While
parse error: Expected RParen, got If
