---
source: compiler/tests/snapshots.rs
expression: "ast_dump(\"open class Animal {\\n    open fun speak(): Unit {\\n        println(1)\\n    }\\n}\\nabstract class Shape {\\n    abstract fun area(): Float\\n    init {\\n        println(2)\\n    }\\n    constructor()\\n    companion object {\\n        val PI: Float = 3.14f\\n    }\\n}\\ninternal class Impl {\\n    var x: Int\\n        get() = 1\\n        set(v) {\\n            println(v)\\n        }\\n}\\noperator infix fun Vec.plus(o: Vec): Vec = o\\ntailrec fun fact(n: Int): Int = n\\nfun <reified T> typeof(v: T): T = v\\nfun sum(vararg xs: Int): Int = 0\\nclass Box<out E>\")"
---
Program {
    imports: [],
    declarations: [
        Class(
            ClassDecl {
                visibility: Public,
                sealed: false,
                name: "Animal",
                type_params: [],
                superclass: None,
                fields: [],
                methods: [
                    FnDecl {
                        visibility: Public,
                        modifiers: [
                            Open,
                        ],
                        name: "speak",
                        type_params: [],
                        params: [],
                        return_type: Some(
                            Named {
                                name: "Unit",
                                span: Span {
                                    start: 42,
                                    end: 47,
                                    start_line: 2,
                                    start_col: 24,
                                    end_line: 2,
                                    end_col: 29,
                                },
                            },
                        ),
                        body: Some(
                            Block(
                                [
                                    Expr(
                                        Call {
                                            callee: Ident(
                                                "println",
                                                Span {
                                                    start: 57,
                                                    end: 63,
                                                    start_line: 3,
                                                    start_col: 10,
                                                    end_line: 3,
                                                    end_col: 16,
                                                },
                                            ),
                                            args: [
                                                Literal(
                                                    Int(
                                                        1,
                                                    ),
                                                    Span {
                                                        start: 65,
                                                        end: 66,
                                                        start_line: 3,
                                                        start_col: 18,
                                                        end_line: 3,
                                                        end_col: 19,
                                                    },
                                                ),
                                            ],
                                            span: Span {
                                                start: 57,
                                                end: 72,
                                                start_line: 3,
                                                start_col: 10,
                                                end_line: 4,
                                                end_col: 6,
                                            },
                                        },
                                    ),
                                ],
                                Span {
                                    start: 47,
                                    end: 74,
                                    start_line: 2,
                                    start_col: 29,
                                    end_line: 5,
                                    end_col: 2,
                                },
                            ),
                        ),
                        doc: None,
                        span: Span {
                            start: 24,
                            end: 74,
                            start_line: 2,
                            start_col: 6,
                            end_line: 5,
                            end_col: 2,
                        },
                    },
                ],
                implementations: [],
                init_blocks: [],
                constructors: [],
                companion_objects: [],
                doc: None,
                span: Span {
                    start: 5,
                    end: 83,
                    start_line: 1,
                    start_col: 6,
                    end_line: 6,
                    end_col: 9,
                },
                modifiers: [
                    Open,
                ],
            },
        ),
        Class(
            ClassDecl {
                visibility: Public,
                sealed: false,
                name: "Shape",
                type_params: [],
                superclass: None,
                fields: [],
                methods: [
                    FnDecl {
                        visibility: Public,
                        modifiers: [
                            Abstract,
                        ],
                        name: "area",
                        type_params: [],
                        params: [],
                        return_type: Some(
                            Named {
                                name: "Float",
                                span: Span {
                                    start: 124,
                                    end: 137,
                                    start_line: 7,
                                    start_col: 27,
                                    end_line: 8,
                                    end_col: 9,
                                },
                            },
                        ),
                        body: None,
                        doc: None,
                        span: Span {
                            start: 103,
                            end: 137,
                            start_line: 7,
                            start_col: 6,
                            end_line: 8,
                            end_col: 9,
                        },
                    },
                ],
                implementations: [],
                init_blocks: [
                    Block(
                        [
                            Expr(
                                Call {
                                    callee: Ident(
                                        "println",
                                        Span {
                                            start: 149,
                                            end: 155,
                                            start_line: 9,
                                            start_col: 10,
                                            end_line: 9,
                                            end_col: 16,
                                        },
                                    ),
                                    args: [
                                        Literal(
                                            Int(
                                                2,
                                            ),
                                            Span {
                                                start: 157,
                                                end: 158,
                                                start_line: 9,
                                                start_col: 18,
                                                end_line: 9,
                                                end_col: 19,
                                            },
                                        ),
                                    ],
                                    span: Span {
                                        start: 149,
                                        end: 164,
                                        start_line: 9,
                                        start_col: 10,
                                        end_line: 10,
                                        end_col: 6,
                                    },
                                },
                            ),
                        ],
                        Span {
                            start: 139,
                            end: 180,
                            start_line: 8,
                            start_col: 11,
                            end_line: 11,
                            end_col: 16,
                        },
                    ),
                ],
                constructors: [
                    ConstructorDecl {
                        visibility: Public,
                        params: [],
                        delegation: None,
                        body: None,
                        span: Span {
                            start: 170,
                            end: 196,
                            start_line: 11,
                            start_col: 6,
                            end_line: 12,
                            end_col: 14,
                        },
                    },
                ],
                companion_objects: [
                    CompanionDecl {
                        name: None,
                        fields: [
                            StructField {
                                visibility: Public,
                                is_mutable: false,
                                name: "PI",
                                type_hint: Some(
                                    Named {
                                        name: "Float",
                                        span: Span {
                                            start: 223,
                                            end: 229,
                                            start_line: 13,
                                            start_col: 18,
                                            end_line: 13,
                                            end_col: 24,
                                        },
                                    },
                                ),
                                default_value: Some(
                                    Literal(
                                        Float(
                                            3.14,
                                        ),
                                        Span {
                                            start: 231,
                                            end: 236,
                                            start_line: 13,
                                            start_col: 26,
                                            end_line: 13,
                                            end_col: 31,
                                        },
                                    ),
                                ),
                                accessors: None,
                                span: Span {
                                    start: 215,
                                    end: 241,
                                    start_line: 13,
                                    start_col: 10,
                                    end_line: 14,
                                    end_col: 6,
                                },
                            },
                        ],
                        methods: [],
                        init_blocks: [],
                        span: Span {
                            start: 188,
                            end: 243,
                            start_line: 12,
                            start_col: 6,
                            end_line: 15,
                            end_col: 2,
                        },
                    },
                ],
                doc: None,
                span: Span {
                    start: 85,
                    end: 252,
                    start_line: 6,
                    start_col: 11,
                    end_line: 16,
                    end_col: 9,
                },
                modifiers: [
                    Abstract,
                ],
            },
        ),
        Class(
            ClassDecl {
                visibility: Public,
                sealed: false,
                name: "Impl",
                type_params: [],
                superclass: None,
                fields: [
                    StructField {
                        visibility: Public,
                        is_mutable: true,
                        name: "x",
                        type_hint: Some(
                            Named {
                                name: "Int",
                                span: Span {
                                    start: 278,
                                    end: 292,
                                    start_line: 17,
                                    start_col: 13,
                                    end_line: 18,
                                    end_col: 12,
                                },
                            },
                        ),
                        default_value: None,
                        accessors: Some(
                            FieldAccessors {
                                getter: Some(
                                    AccessorDecl {
                                        param: None,
                                        body: Literal(
                                            Int(
                                                1,
                                            ),
                                            Span {
                                                start: 298,
                                                end: 299,
                                                start_line: 18,
                                                start_col: 18,
                                                end_line: 18,
                                                end_col: 19,
                                            },
                                        ),
                                        span: Span {
                                            start: 290,
                                            end: 310,
                                            start_line: 18,
                                            start_col: 10,
                                            end_line: 19,
                                            end_col: 12,
                                        },
                                    },
                                ),
                                setter: Some(
                                    AccessorDecl {
                                        param: Some(
                                            Param {
                                                name: "v",
                                                type_hint: None,
                                                default_value: None,
                                                is_vararg: false,
                                                is_noinline: false,
                                                is_crossinline: false,
                                                span: Span {
                                                    start: 312,
                                                    end: 313,
                                                    start_line: 19,
                                                    start_col: 14,
                                                    end_line: 19,
                                                    end_col: 15,
                                                },
                                            },
                                        ),
                                        body: Block(
                                            [
                                                Expr(
                                                    Call {
                                                        callee: Ident(
                                                            "println",
                                                            Span {
                                                                start: 329,
                                                                end: 335,
                                                                start_line: 20,
                                                                start_col: 14,
                                                                end_line: 20,
                                                                end_col: 20,
                                                            },
                                                        ),
                                                        args: [
                                                            Ident(
                                                                "v",
                                                                Span {
                                                                    start: 337,
                                                                    end: 337,
                                                                    start_line: 20,
                                                                    start_col: 22,
                                                                    end_line: 20,
                                                                    end_col: 22,
                                                                },
                                                            ),
                                                        ],
                                                        span: Span {
                                                            start: 329,
                                                            end: 348,
                                                            start_line: 20,
                                                            start_col: 14,
                                                            end_line: 21,
                                                            end_col: 10,
                                                        },
                                                    },
                                                ),
                                            ],
                                            Span {
                                                start: 315,
                                                end: 350,
                                                start_line: 19,
                                                start_col: 17,
                                                end_line: 22,
                                                end_col: 2,
                                            },
                                        ),
                                        span: Span {
                                            start: 308,
                                            end: 350,
                                            start_line: 19,
                                            start_col: 10,
                                            end_line: 22,
                                            end_col: 2,
                                        },
                                    },
                                ),
                            },
                        ),
                        span: Span {
                            start: 271,
                            end: 350,
                            start_line: 17,
                            start_col: 6,
                            end_line: 22,
                            end_col: 2,
                        },
                    },
                ],
                methods: [],
                implementations: [],
                init_blocks: [],
                constructors: [],
                companion_objects: [],
                doc: None,
                span: Span {
                    start: 254,
                    end: 359,
                    start_line: 16,
                    start_col: 11,
                    end_line: 23,
                    end_col: 9,
                },
                modifiers: [],
            },
        ),
        Function(
            FnDecl {
                visibility: Public,
                modifiers: [
                    Operator,
                    Infix,
                ],
                name: "Vec",
                type_params: [],
                params: [
                    Param {
                        name: "plus",
                        type_hint: None,
                        default_value: None,
                        is_vararg: false,
                        is_noinline: false,
                        is_crossinline: false,
                        span: Span {
                            start: 375,
                            end: 379,
                            start_line: 23,
                            start_col: 25,
                            end_line: 23,
                            end_col: 29,
                        },
                    },
                ],
                return_type: None,
                body: None,
                doc: None,
                span: Span {
                    start: 367,
                    end: 380,
                    start_line: 23,
                    start_col: 17,
                    end_line: 23,
                    end_col: 30,
                },
            },
        ),
        Function(
            FnDecl {
                visibility: Public,
                modifiers: [
                    Tailrec,
                ],
                name: "fact",
                type_params: [],
                params: [
                    Param {
                        name: "n",
                        type_hint: Some(
                            Named {
                                name: "Int",
                                span: Span {
                                    start: 417,
                                    end: 420,
                                    start_line: 24,
                                    start_col: 22,
                                    end_line: 24,
                                    end_col: 25,
                                },
                            },
                        ),
                        default_value: None,
                        is_vararg: false,
                        is_noinline: false,
                        is_crossinline: false,
                        span: Span {
                            start: 414,
                            end: 420,
                            start_line: 24,
                            start_col: 19,
                            end_line: 24,
                            end_col: 25,
                        },
                    },
                ],
                return_type: Some(
                    Named {
                        name: "Int",
                        span: Span {
                            start: 423,
                            end: 427,
                            start_line: 24,
                            start_col: 28,
                            end_line: 24,
                            end_col: 32,
                        },
                    },
                ),
                body: Some(
                    Ident(
                        "n",
                        Span {
                            start: 429,
                            end: 429,
                            start_line: 24,
                            start_col: 34,
                            end_line: 24,
                            end_col: 34,
                        },
                    ),
                ),
                doc: None,
                span: Span {
                    start: 405,
                    end: 433,
                    start_line: 24,
                    start_col: 10,
                    end_line: 25,
                    end_col: 4,
                },
            },
        ),
        Function(
            FnDecl {
                visibility: Public,
                modifiers: [],
                name: "typeof",
                type_params: [
                    TypeParam {
                        name: "T",
                        variance: Invariant,
                        bounds: [],
                        default: None,
                        reified: true,
                        span: Span {
                            start: 436,
                            end: 445,
                            start_line: 25,
                            start_col: 7,
                            end_line: 25,
                            end_col: 16,
                        },
                    },
                ],
                params: [
                    Param {
                        name: "v",
                        type_hint: Some(
                            Named {
                                name: "T",
                                span: Span {
                                    start: 457,
                                    end: 458,
                                    start_line: 25,
                                    start_col: 28,
                                    end_line: 25,
                                    end_col: 29,
                                },
                            },
                        ),
                        default_value: None,
                        is_vararg: false,
                        is_noinline: false,
                        is_crossinline: false,
                        span: Span {
                            start: 454,
                            end: 458,
                            start_line: 25,
                            start_col: 25,
                            end_line: 25,
                            end_col: 29,
                        },
                    },
                ],
                return_type: Some(
                    Named {
                        name: "T",
                        span: Span {
                            start: 461,
                            end: 463,
                            start_line: 25,
                            start_col: 32,
                            end_line: 25,
                            end_col: 34,
                        },
                    },
                ),
                body: Some(
                    Ident(
                        "v",
                        Span {
                            start: 465,
                            end: 465,
                            start_line: 25,
                            start_col: 36,
                            end_line: 25,
                            end_col: 36,
                        },
                    ),
                ),
                doc: None,
                span: Span {
                    start: 431,
                    end: 469,
                    start_line: 25,
                    start_col: 2,
                    end_line: 26,
                    end_col: 4,
                },
            },
        ),
        Function(
            FnDecl {
                visibility: Public,
                modifiers: [],
                name: "sum",
                type_params: [],
                params: [
                    Param {
                        name: "xs",
                        type_hint: Some(
                            Named {
                                name: "Int",
                                span: Span {
                                    start: 486,
                                    end: 489,
                                    start_line: 26,
                                    start_col: 21,
                                    end_line: 26,
                                    end_col: 24,
                                },
                            },
                        ),
                        default_value: None,
                        is_vararg: true,
                        is_noinline: false,
                        is_crossinline: false,
                        span: Span {
                            start: 475,
                            end: 489,
                            start_line: 26,
                            start_col: 10,
                            end_line: 26,
                            end_col: 24,
                        },
                    },
                ],
                return_type: Some(
                    Named {
                        name: "Int",
                        span: Span {
                            start: 492,
                            end: 496,
                            start_line: 26,
                            start_col: 27,
                            end_line: 26,
                            end_col: 31,
                        },
                    },
                ),
                body: Some(
                    Literal(
                        Int(
                            0,
                        ),
                        Span {
                            start: 498,
                            end: 499,
                            start_line: 26,
                            start_col: 33,
                            end_line: 26,
                            end_col: 34,
                        },
                    ),
                ),
                doc: None,
                span: Span {
                    start: 467,
                    end: 504,
                    start_line: 26,
                    start_col: 2,
                    end_line: 27,
                    end_col: 6,
                },
            },
        ),
        Class(
            ClassDecl {
                visibility: Public,
                sealed: false,
                name: "Box",
                type_params: [
                    TypeParam {
                        name: "E",
                        variance: Out,
                        bounds: [],
                        default: None,
                        reified: false,
                        span: Span {
                            start: 510,
                            end: 515,
                            start_line: 27,
                            start_col: 12,
                            end_line: 27,
                            end_col: 17,
                        },
                    },
                ],
                superclass: None,
                fields: [],
                methods: [],
                implementations: [],
                init_blocks: [],
                constructors: [],
                companion_objects: [],
                doc: None,
                span: Span {
                    start: 500,
                    end: 516,
                    start_line: 27,
                    start_col: 2,
                    end_line: 27,
                    end_col: 18,
                },
                modifiers: [],
            },
        ),
    ],
    top_level_statements: [
        Expr(
            Ident(
                "internal",
                Span {
                    start: 245,
                    end: 252,
                    start_line: 16,
                    start_col: 2,
                    end_line: 16,
                    end_col: 9,
                },
            ),
        ),
        Expr(
            Ident(
                "o",
                Span {
                    start: 380,
                    end: 380,
                    start_line: 23,
                    start_col: 30,
                    end_line: 23,
                    end_col: 30,
                },
            ),
        ),
        Expr(
            Ident(
                ":",
                Span {
                    start: 381,
                    end: 381,
                    start_line: 23,
                    start_col: 31,
                    end_line: 23,
                    end_col: 31,
                },
            ),
        ),
        Expr(
            Ident(
                "Vec",
                Span {
                    start: 383,
                    end: 385,
                    start_line: 23,
                    start_col: 33,
                    end_line: 23,
                    end_col: 35,
                },
            ),
        ),
        Expr(
            Ident(
                ")",
                Span {
                    start: 386,
                    end: 386,
                    start_line: 23,
                    start_col: 36,
                    end_line: 23,
                    end_col: 36,
                },
            ),
        ),
        Expr(
            Ident(
                ":",
                Span {
                    start: 387,
                    end: 387,
                    start_line: 23,
                    start_col: 37,
                    end_line: 23,
                    end_col: 37,
                },
            ),
        ),
        Expr(
            Assign {
                target: Ident(
                    "Vec",
                    Span {
                        start: 389,
                        end: 391,
                        start_line: 23,
                        start_col: 39,
                        end_line: 23,
                        end_col: 41,
                    },
                ),
                value: Ident(
                    "o",
                    Span {
                        start: 395,
                        end: 395,
                        start_line: 23,
                        start_col: 45,
                        end_line: 23,
                        end_col: 45,
                    },
                ),
                span: Span {
                    start: 389,
                    end: 403,
                    start_line: 23,
                    start_col: 39,
                    end_line: 24,
                    end_col: 8,
                },
            },
        ),
    ],
}
error: Expected LParen, got Dot @line 23 col 24-24
error: Expected RParen, got LParen @line 23 col 29-29
